// Jest Snapshot v1, https://goo.gl/fbAQLP

exports[`Input Render snapshots are equal 1`] = `
<input
  class="sc-bdVaJa jSDdor"
  type="text"
  value=""
/>
`;

exports[`Input Shallow render snapshots are equal 1`] = `
<Styled(NumberFormat)
  allowNegative={false}
  decimalScale={2}
  onChange={[Function]}
  value="Test"
/>
`;
